// Jest Snapshot v1, https://goo.gl/fbAQLP

exports[`Text should process text edit 1`] = `
<div>
  <input
    type="text"
    value="Hello World!"
  />
</div>
`;
